2025-07-27 04:58:13 [INFO] 🎯 Starting MIME monitoring scan...
2025-07-27 04:58:13 [INFO] 🔍 Checking server status on port 1437...
2025-07-27 04:58:13 [SUCCESS] ✅ Server is running and responding
2025-07-27 04:58:13 [INFO] 📋 Checking critical manifest files...
2025-07-27 04:58:13 [SUCCESS] ✅ Found: routes-manifest.json
2025-07-27 04:58:13 [SUCCESS] ✅ Found: app-paths-manifest.json
2025-07-27 04:58:13 [SUCCESS] ✅ Found: build-manifest.json
2025-07-27 04:58:13 [INFO] 🔬 Monitoring MIME type patterns...
2025-07-27 04:58:14 [INFO] ⚡ Checking for Framer Motion Perfect Storm patterns...
2025-07-27 04:58:14 [ERROR] ❌ Found motion usage without import - Perfect Storm risk!
2025-07-27 05:00:06 [INFO] 🎯 Starting MIME monitoring scan...
2025-07-27 05:00:06 [INFO] 🔍 Checking server status on port 1437...
2025-07-27 05:00:09 [SUCCESS] ✅ Server is running and responding
2025-07-27 05:00:09 [INFO] 📋 Checking critical manifest files...
2025-07-27 05:00:09 [SUCCESS] ✅ Found: routes-manifest.json
2025-07-27 05:00:09 [SUCCESS] ✅ Found: app-paths-manifest.json
2025-07-27 05:00:09 [SUCCESS] ✅ Found: build-manifest.json
2025-07-27 05:00:09 [INFO] 🔬 Monitoring MIME type patterns...
2025-07-27 05:00:10 [INFO] ⚡ Checking for Framer Motion Perfect Storm patterns...
2025-07-27 05:00:10 [ERROR] ❌ Found motion usage without import - Perfect Storm risk!
2025-07-27 05:04:30 [INFO] 🎯 Starting MIME monitoring scan...
2025-07-27 05:04:30 [INFO] 🔍 Checking server status on port 1437...
2025-07-27 05:04:30 [SUCCESS] ✅ Server is running and responding
2025-07-27 05:04:30 [INFO] 📋 Checking critical manifest files...
2025-07-27 05:04:30 [SUCCESS] ✅ Found: routes-manifest.json
2025-07-27 05:04:30 [SUCCESS] ✅ Found: app-paths-manifest.json
2025-07-27 05:04:30 [SUCCESS] ✅ Found: build-manifest.json
2025-07-27 05:04:30 [INFO] 🔬 Monitoring MIME type patterns...
2025-07-27 05:04:31 [INFO] ⚡ Checking for Framer Motion Perfect Storm patterns...
2025-07-27 05:04:31 [ERROR] ❌ Found motion usage without import - Perfect Storm risk!
2025-07-27 05:08:38 [INFO] 🎯 Starting MIME monitoring scan...
2025-07-27 05:08:38 [INFO] 🔍 Checking server status on port 1437...
2025-07-27 05:08:38 [SUCCESS] ✅ Server is running and responding
2025-07-27 05:08:38 [INFO] 📋 Checking critical manifest files...
2025-07-27 05:08:38 [SUCCESS] ✅ Found: routes-manifest.json
2025-07-27 05:08:38 [SUCCESS] ✅ Found: app-paths-manifest.json
2025-07-27 05:08:38 [SUCCESS] ✅ Found: build-manifest.json
2025-07-27 05:08:38 [INFO] 🔬 Monitoring MIME type patterns...
2025-07-27 05:08:38 [INFO] ⚡ Checking for Framer Motion Perfect Storm patterns...
2025-07-27 05:08:38 [ERROR] ❌ Found motion usage without import - Perfect Storm risk!
2025-07-27 05:14:08 [INFO] 🎯 Starting MIME monitoring scan...
2025-07-27 05:14:08 [INFO] 🔍 Checking server status on port 1437...
2025-07-27 05:14:08 [SUCCESS] ✅ Server is running and responding
2025-07-27 05:14:08 [INFO] 📋 Checking critical manifest files...
2025-07-27 05:14:08 [SUCCESS] ✅ Found: routes-manifest.json
2025-07-27 05:14:08 [SUCCESS] ✅ Found: app-paths-manifest.json
2025-07-27 05:14:08 [SUCCESS] ✅ Found: build-manifest.json
2025-07-27 05:14:08 [INFO] 🔬 Monitoring MIME type patterns...
2025-07-27 05:14:09 [INFO] ⚡ Checking for Framer Motion Perfect Storm patterns...
2025-07-27 05:14:09 [ERROR] ❌ Found motion usage without import - Perfect Storm risk!
2025-07-27 05:24:29 [INFO] 🎯 Starting MIME monitoring scan...
2025-07-27 05:24:29 [INFO] 🔍 Checking server status on port 1437...
2025-07-27 05:24:29 [SUCCESS] ✅ Server is running and responding
2025-07-27 05:24:29 [INFO] 📋 Checking critical manifest files...
2025-07-27 05:24:29 [SUCCESS] ✅ Found: routes-manifest.json
2025-07-27 05:24:29 [SUCCESS] ✅ Found: app-paths-manifest.json
2025-07-27 05:24:29 [SUCCESS] ✅ Found: build-manifest.json
2025-07-27 05:24:29 [INFO] 🔬 Monitoring MIME type patterns...
2025-07-27 05:24:30 [INFO] ⚡ Checking for Framer Motion Perfect Storm patterns...
2025-07-27 05:24:30 [ERROR] ❌ Found motion usage without import - Perfect Storm risk!
